
running 95 tests
....................................................................................... 87/95
........
test result: ok. 95 passed; 0 failed; 0 ignored; 0 measured; 0 filtered out; finished in 0.01s


running 33 tests
.................................
test result: ok. 33 passed; 0 failed; 0 ignored; 0 measured; 0 filtered out; finished in 10.81s


running 0 tests

test result: ok. 0 passed; 0 failed; 0 ignored; 0 measured; 0 filtered out; finished in 0.00s


running 3 tests
...
test result: ok. 3 passed; 0 failed; 0 ignored; 0 measured; 0 filtered out; finished in 0.65s

window stage: OK, 51376 pixels judged, a frame every 9632500 ns

running 11 tests
...........
test result: ok. 11 passed; 0 failed; 0 ignored; 0 measured; 0 filtered out; finished in 0.00s


running 12 tests
............
test result: ok. 12 passed; 0 failed; 0 ignored; 0 measured; 0 filtered out; finished in 0.03s


running 29 tests
.............................
test result: ok. 29 passed; 0 failed; 0 ignored; 0 measured; 0 filtered out; finished in 42.03s


running 0 tests

test result: ok. 0 passed; 0 failed; 0 ignored; 0 measured; 0 filtered out; finished in 0.00s

client: ok (12 frames on AMD Radeon RX 6650 XT (vulkan, discretegpu), first frame 97505 of 98304 judged, 97505 matching)

running 67 tests
...................................................................
test result: ok. 67 passed; 0 failed; 0 ignored; 0 measured; 0 filtered out; finished in 0.00s


running 50 tests
..................................................
test result: ok. 50 passed; 0 failed; 0 ignored; 0 measured; 0 filtered out; finished in 0.07s


running 17 tests
.................
test result: ok. 17 passed; 0 failed; 0 ignored; 0 measured; 0 filtered out; finished in 0.01s


running 3 tests
...
test result: ok. 3 passed; 0 failed; 0 ignored; 0 measured; 0 filtered out; finished in 0.00s


running 91 tests
....................................................................................... 87/91
....
test result: ok. 91 passed; 0 failed; 0 ignored; 0 measured; 0 filtered out; finished in 0.16s


running 2 tests
..
test result: ok. 2 passed; 0 failed; 0 ignored; 0 measured; 0 filtered out; finished in 0.00s


running 0 tests

test result: ok. 0 passed; 0 failed; 0 ignored; 0 measured; 0 filtered out; finished in 0.00s


running 26 tests
..........................
test result: ok. 26 passed; 0 failed; 0 ignored; 0 measured; 0 filtered out; finished in 46.74s


running 4 tests
....
test result: ok. 4 passed; 0 failed; 0 ignored; 0 measured; 0 filtered out; finished in 0.00s


running 35 tests
...................................
test result: ok. 35 passed; 0 failed; 0 ignored; 0 measured; 0 filtered out; finished in 0.01s


running 56 tests
........................................................
test result: ok. 56 passed; 0 failed; 0 ignored; 0 measured; 0 filtered out; finished in 0.66s


running 130 tests
....................................................................................... 87/130
...........................................
test result: ok. 130 passed; 0 failed; 0 ignored; 0 measured; 0 filtered out; finished in 0.02s


running 15 tests
...............
test result: ok. 15 passed; 0 failed; 0 ignored; 0 measured; 0 filtered out; finished in 0.11s


running 6 tests
......
test result: ok. 6 passed; 0 failed; 0 ignored; 0 measured; 0 filtered out; finished in 0.00s


running 16 tests
................
test result: ok. 16 passed; 0 failed; 0 ignored; 0 measured; 0 filtered out; finished in 0.00s


running 5 tests
.... 4/5
every_pixel_shows_the_texel_a_ray_through_it_reaches --- FAILED

failures:

---- every_pixel_shows_the_texel_a_ray_through_it_reaches stdout ----

thread 'every_pixel_shows_the_texel_a_ray_through_it_reaches' (23596) panicked at engine\render\tests\pass.rs:307:5:
assertion `left == right` failed: FrameCheck { pixels: 16384, judged: 14549, matching: 14529, backfacing: 0, snapped: 0, texel_snapped: 20 }
  left: 14529
 right: 14549
note: run with `RUST_BACKTRACE=1` environment variable to display a backtrace


failures:
    every_pixel_shows_the_texel_a_ray_through_it_reaches

test result: FAILED. 4 passed; 1 failed; 0 ignored; 0 measured; 0 filtered out; finished in 2.35s

error: test failed, to rerun pass `-p nexora-render --test pass`
